<!DOCTYPE html><html lang="en"><head>
    <meta charset="UTF-8">
<meta name="viewport" content="width=device-width, initial-scale=1.0">

<!-- Theme bootstrap. Blocking on purpose, and kept first in <head>.

     The gradient behind every page comes from --gradient-primary, which
     only exists inside [data-theme="base"] and [data-theme="canney-valley"].
     Those attributes used to be stamped by theme-switcher.ts in
     connectedCallback - after the Lit bundle parses - so the page painted
     once with the properties.css fallbacks and then visibly repainted.

     This mirrors THEME_STORAGE_KEY, COLOR_SCHEME_STORAGE_KEY, and
     DEFAULT_THEME in theme-constants.ts, as well as loadSavedTheme() in
     theme-switcher.ts. Keep the literals and constants in sync. See DF-13. -->
<script>
  (function () {
    var d = document.documentElement;
    try {
      d.setAttribute("data-theme", localStorage.getItem("kbr-theme") || "base");
      d.setAttribute(
        "data-color-scheme",
        localStorage.getItem("kbr-color-scheme") ||
          (window.matchMedia("(prefers-color-scheme: dark)").matches
            ? "dark"
            : "light")
      );
    } catch (e) {
      // localStorage throws in private mode with cookies disabled.
      d.setAttribute("data-theme", "base");
      d.setAttribute("data-color-scheme", "light");
    }
  })();
</script>
<!-- Root-absolute so it resolves from nested paths such as
     /<post>/supplements/<page>.html as well as from the site root. -->
<link rel="icon" type="image/svg+xml" href="/favicon.svg">
<title>Blog - Kyle Blank Rollins</title>
<meta name="description" content="Thoughts on technical writing, web development, and professional insights.">
<meta name="keywords" content="blog, technical writing, web development, Kyle Blank Rollins">


    <link rel="stylesheet" crossorigin="" href="/assets/main-HASH.css"><link rel="modulepreload" crossorigin="" href="/assets/lit-HASH.js">
  </head>

  <body>
    <kbr-navigation>
  <!-- Slotted into .header-content so the switcher sits at the far right
       of the site header. It used to be a fixed-position floating control,
       which overlapped page content at every viewport width. See DF-31. -->
  <kbr-theme-switcher slot="theme-switcher"></kbr-theme-switcher>
</kbr-navigation>


    <main class="page-content">

<section class="blog-content">
  <div class="blog-layout" data-static-blog="">
  <aside class="blog-sidebar">
    <div class="tag-filter-container" data-tag-filter="">
      <div class="filter-header">
        <div class="ui-label filter-title" id="blog-filter-title">Filter by Tag</div>
        <button class="clear-filter-btn" type="button" data-clear-filter="" hidden="">
          Clear filter
        </button>
      </div>
      <div class="tags-grid" aria-labelledby="blog-filter-title">
        
          <button class="tag-button" type="button" data-tag="AI" aria-pressed="false">AI <span class="tag-count">(2)</span></button>
        
          <button class="tag-button" type="button" data-tag="intentionality" aria-pressed="false">intentionality <span class="tag-count">(2)</span></button>
        
          <button class="tag-button" type="button" data-tag="remote work" aria-pressed="false">remote work <span class="tag-count">(2)</span></button>
        
          <button class="tag-button" type="button" data-tag="technical writing" aria-pressed="false">technical writing <span class="tag-count">(2)</span></button>
        
          <button class="tag-button" type="button" data-tag="boundaries" aria-pressed="false">boundaries <span class="tag-count">(1)</span></button>
        
          <button class="tag-button" type="button" data-tag="career" aria-pressed="false">career <span class="tag-count">(1)</span></button>
        
          <button class="tag-button" type="button" data-tag="coding agents" aria-pressed="false">coding agents <span class="tag-count">(1)</span></button>
        
          <button class="tag-button" type="button" data-tag="documentation" aria-pressed="false">documentation <span class="tag-count">(1)</span></button>
        
          <button class="tag-button" type="button" data-tag="goal setting" aria-pressed="false">goal setting <span class="tag-count">(1)</span></button>
        
          <button class="tag-button" type="button" data-tag="habits" aria-pressed="false">habits <span class="tag-count">(1)</span></button>
        
          <button class="tag-button" type="button" data-tag="leadership" aria-pressed="false">leadership <span class="tag-count">(1)</span></button>
        
          <button class="tag-button" type="button" data-tag="LLM" aria-pressed="false">LLM <span class="tag-count">(1)</span></button>
        
          <button class="tag-button" type="button" data-tag="management" aria-pressed="false">management <span class="tag-count">(1)</span></button>
        
          <button class="tag-button" type="button" data-tag="professional growth" aria-pressed="false">professional growth <span class="tag-count">(1)</span></button>
        
          <button class="tag-button" type="button" data-tag="research" aria-pressed="false">research <span class="tag-count">(1)</span></button>
        
          <button class="tag-button" type="button" data-tag="rule of thirds" aria-pressed="false">rule of thirds <span class="tag-count">(1)</span></button>
        
          <button class="tag-button" type="button" data-tag="workflows" aria-pressed="false">workflows <span class="tag-count">(1)</span></button>
        
      </div>
    </div>
  </aside>
  <div class="blog-posts">
    <div class="post-list-container">
      <div class="post-list-grid" data-post-list="">
        
          <article class="post-card" data-post-card="" data-tags="AI|coding agents|workflows">
            <div class="post-card-content">
              <header class="post-card-header">
                <h2 class="post-card-title">
                  <a href="/ai-agent-workflows.html" class="post-title-link">AI Agent Workflows</a>
                </h2>
                <div class="post-card-date">
                  <time datetime="2026-07-31">July 31, 2026</time>
                </div>
              </header>
              <div class="post-card-description">
                <p>AI agents are most useful when humans define the problem, guide the work, and review the result. These are the workflows that have worked for me.</p>
              </div>
              <div class="post-card-tags">
                <div class="tag-list">
                  
                    <button class="post-tag" type="button" data-tag="AI">AI</button>
                  
                    <button class="post-tag" type="button" data-tag="coding agents">coding agents</button>
                  
                    <button class="post-tag" type="button" data-tag="workflows">workflows</button>
                  
                </div>
              </div>
            </div>
          </article>
        
          <article class="post-card" data-post-card="" data-tags="leadership|management|career">
            <div class="post-card-content">
              <header class="post-card-header">
                <h2 class="post-card-title">
                  <a href="/leading-through-change.html" class="post-title-link">Leading Through Change</a>
                </h2>
                <div class="post-card-date">
                  <time datetime="2026-07-06">July 6, 2026</time>
                </div>
              </header>
              <div class="post-card-description">
                <p>What three team reinventions in three years taught me about leading people through uncertainty</p>
              </div>
              <div class="post-card-tags">
                <div class="tag-list">
                  
                    <button class="post-tag" type="button" data-tag="leadership">leadership</button>
                  
                    <button class="post-tag" type="button" data-tag="management">management</button>
                  
                    <button class="post-tag" type="button" data-tag="career">career</button>
                  
                </div>
              </div>
            </div>
          </article>
        
          <article class="post-card" data-post-card="" data-tags="technical writing|AI|documentation">
            <div class="post-card-content">
              <header class="post-card-header">
                <h2 class="post-card-title">
                  <a href="/docs-as-interface.html" class="post-title-link">Technical Storytelling and Drift at Machine Speed</a>
                </h2>
                <div class="post-card-date">
                  <time datetime="2026-03-31">March 31, 2026</time>
                </div>
              </header>
              <div class="post-card-description">
                <p>Documentation has a new audience that acts on ambiguity instead of questioning it. Technical writers have been training for this.</p>
              </div>
              <div class="post-card-tags">
                <div class="tag-list">
                  
                    <button class="post-tag" type="button" data-tag="technical writing">technical writing</button>
                  
                    <button class="post-tag" type="button" data-tag="AI">AI</button>
                  
                    <button class="post-tag" type="button" data-tag="documentation">documentation</button>
                  
                </div>
              </div>
            </div>
          </article>
        
          <article class="post-card" data-post-card="" data-tags="boundaries|intentionality|remote work">
            <div class="post-card-content">
              <header class="post-card-header">
                <h2 class="post-card-title">
                  <a href="/intentional-work-patterns-boundaries.html" class="post-title-link">Intentional Work Patterns - Boundaries</a>
                </h2>
                <div class="post-card-date">
                  <time datetime="2025-12-26">December 26, 2025</time>
                </div>
              </header>
              <div class="post-card-description">
                <p>Practical strategies for protecting your time and energy</p>
              </div>
              <div class="post-card-tags">
                <div class="tag-list">
                  
                    <button class="post-tag" type="button" data-tag="boundaries">boundaries</button>
                  
                    <button class="post-tag" type="button" data-tag="intentionality">intentionality</button>
                  
                    <button class="post-tag" type="button" data-tag="remote work">remote work</button>
                  
                </div>
              </div>
            </div>
          </article>
        
          <article class="post-card" data-post-card="" data-tags="habits|intentionality|remote work">
            <div class="post-card-content">
              <header class="post-card-header">
                <h2 class="post-card-title">
                  <a href="/intentional-work-patterns.html" class="post-title-link">Intentional Work Patterns</a>
                </h2>
                <div class="post-card-date">
                  <time datetime="2025-12-26">December 26, 2025</time>
                </div>
              </header>
              <div class="post-card-description">
                <p>Build intentional habits to prevent chaos from controlling your work or seeping into your personal life</p>
              </div>
              <div class="post-card-tags">
                <div class="tag-list">
                  
                    <button class="post-tag" type="button" data-tag="habits">habits</button>
                  
                    <button class="post-tag" type="button" data-tag="intentionality">intentionality</button>
                  
                    <button class="post-tag" type="button" data-tag="remote work">remote work</button>
                  
                </div>
              </div>
            </div>
          </article>
        
          <article class="post-card" data-post-card="" data-tags="professional growth|goal setting|rule of thirds">
            <div class="post-card-content">
              <header class="post-card-header">
                <h2 class="post-card-title">
                  <a href="/rule-of-thirds.html" class="post-title-link">The P&amp;G Rule of Thirds</a>
                </h2>
                <div class="post-card-date">
                  <time datetime="2025-10-01">October 1, 2025</time>
                </div>
              </header>
              <div class="post-card-description">
                <p>How to adapt Sid Meier's Rule of Thirds to professional development and goal setting</p>
              </div>
              <div class="post-card-tags">
                <div class="tag-list">
                  
                    <button class="post-tag" type="button" data-tag="professional growth">professional growth</button>
                  
                    <button class="post-tag" type="button" data-tag="goal setting">goal setting</button>
                  
                    <button class="post-tag" type="button" data-tag="rule of thirds">rule of thirds</button>
                  
                </div>
              </div>
            </div>
          </article>
        
          <article class="post-card" data-post-card="" data-tags="technical writing|research|LLM">
            <div class="post-card-content">
              <header class="post-card-header">
                <h2 class="post-card-title">
                  <a href="/llm-as-sme.html" class="post-title-link">LLM as SME</a>
                </h2>
                <div class="post-card-date">
                  <time datetime="2025-09-26">September 26, 2025</time>
                </div>
              </header>
              <div class="post-card-description">
                <p>While an LLM can't replace a truly knowledgeable human, its a better tool than not having an SME at all</p>
              </div>
              <div class="post-card-tags">
                <div class="tag-list">
                  
                    <button class="post-tag" type="button" data-tag="technical writing">technical writing</button>
                  
                    <button class="post-tag" type="button" data-tag="research">research</button>
                  
                    <button class="post-tag" type="button" data-tag="LLM">LLM</button>
                  
                </div>
              </div>
            </div>
          </article>
        
      </div>
      <p class="post-list-empty" data-post-list-empty="" hidden="" role="status" aria-live="polite" aria-atomic="true">
        No blog posts found with the selected tag.
      </p>
      <p class="filter-results" data-filter-results="" role="status" aria-live="polite" aria-atomic="true"></p>
    </div>
  </div>
</div>

</section>
</main>

    <!--
  Shared site footer.

  This is the single source of the footer markup. It is injected into both
  base.html and blog-post.html through the footer template variable, wired up
  in source/builder/template-processor.ts - which is the one choke point both
  the production build and the dev server render through. Do not paste this
  markup into a template; add the variable instead, or every page type grows
  its own copy.

  Light DOM on purpose, not a Lit component: the footer has to be present in
  the generated HTML for crawlers and for readers without JavaScript, and a
  shadow root would leave only an empty custom element in the static output.
-->
<footer class="site-footer">
  <nav class="site-footer-nav" aria-label="Elsewhere on the web">
    <ul>
      <li>
        <a href="https://www.linkedin.com/in/kyle-blank-rollins/" target="_blank" rel="noopener noreferrer">LinkedIn</a>
      </li>
      <li>
        <a href="https://github.com/KyleBlankRollins/Web-Portfolio" target="_blank" rel="noopener noreferrer">GitHub</a>
      </li>
    </ul>
  </nav>
</footer>

    <script type="module" crossorigin="" src="/assets/main-HASH.js"></script>
  

</body></html>