<!doctype html>
<html lang="en">
  <head>
    <meta charset="UTF-8" />
    <meta name="viewport" content="width=device-width, initial-scale=1.0" />

    <!-- Theme bootstrap. Blocking on purpose, and kept first in <head>.

         The gradient behind every page comes from --gradient-primary, which
         only exists inside [data-theme="base"] and [data-theme="canney-valley"].
         Those attributes used to be stamped by theme-switcher.ts in
         connectedCallback - after the Lit bundle parses - so the page painted
         once with the properties.css fallbacks and then visibly repainted.

         This mirrors loadSavedTheme() in theme-switcher.ts exactly: same
         storage keys, same "base" default, same matchMedia fallback. The
         component reads the same values afterwards and re-applies them, which
         is a no-op. Keep the two in sync. See DF-13. -->
    <script>
      (function () {
        var d = document.documentElement;
        try {
          d.setAttribute(
            "data-theme",
            localStorage.getItem("kbr-theme") || "base"
          );
          d.setAttribute(
            "data-color-scheme",
            localStorage.getItem("kbr-color-scheme") ||
              (window.matchMedia("(prefers-color-scheme: dark)").matches
                ? "dark"
                : "light")
          );
        } catch (e) {
          // localStorage throws in private mode with cookies disabled.
          d.setAttribute("data-theme", "base");
          d.setAttribute("data-color-scheme", "light");
        }
      })();
    </script>
    <!-- Root-absolute so it resolves from nested paths such as
         /<post>/supplements/<page>.html as well as from the site root. -->
    <link rel="icon" type="image/svg+xml" href="/favicon.svg" />
    <title>Career - Kyle Blank Rollins</title>
    
    <meta name="description" content="My professional experiences. In timeline format!" />
     
    <meta name="keywords" content="Kyle Rollins, experience, career, technical writer" />
     
      <link rel="stylesheet" crossorigin href="/assets/index-HASH.css">
</head>

  <body>
    <kbr-navigation>
      <!-- Slotted into .header-content so the switcher sits at the far right
           of the site header. It used to be a fixed-position floating control,
           which overlapped page content at every viewport width. See DF-31. -->
      <kbr-theme-switcher slot="theme-switcher"></kbr-theme-switcher>
    </kbr-navigation>

    <main class="page-content"><section>
  <kbr-timeline data-url="/data/experience-data.json"></kbr-timeline>
</section>
</main>

    <!-- Shared markup from templates/partials/footer.html, injected by
         template-processor.ts. Edit the partial, not this line. -->
    <!--
  Shared site footer.

  This is the single source of the footer markup. It is injected into both
  base.html and blog-post.html as the {&lt;!--
  Shared site footer.

  This is the single source of the footer markup. It is injected into both
  base.html and blog-post.html as the  template variable, wired up
  in source/builder/template-processor.ts - which is the one choke point both
  the production build and the dev server render through. Do not paste this
  markup into a template; add the variable instead, or every page type grows
  its own copy.

  Light DOM on purpose, not a Lit component: the footer has to be present in
  the generated HTML for crawlers and for readers without JavaScript, and a
  shadow root would leave only an empty custom element in the static output.
--&gt;
&lt;footer class=&quot;site-footer&quot;&gt;
  &lt;nav class=&quot;site-footer-nav&quot; aria-label=&quot;Elsewhere on the web&quot;&gt;
    &lt;ul&gt;
      &lt;li&gt;
        &lt;a
          href=&quot;https://www.linkedin.com/in/kyle-blank-rollins/&quot;
          target=&quot;_blank&quot;
          rel=&quot;noopener noreferrer&quot;
          &gt;LinkedIn&lt;/a
        &gt;
      &lt;/li&gt;
      &lt;li&gt;
        &lt;a
          href=&quot;https://github.com/KyleBlankRollins/Web-Portfolio&quot;
          target=&quot;_blank&quot;
          rel=&quot;noopener noreferrer&quot;
          &gt;GitHub&lt;/a
        &gt;
      &lt;/li&gt;
    &lt;/ul&gt;
  &lt;/nav&gt;
&lt;/footer&gt;} template variable, wired up
  in source/builder/template-processor.ts - which is the one choke point both
  the production build and the dev server render through. Do not paste this
  markup into a template; add the variable instead, or every page type grows
  its own copy.

  Light DOM on purpose, not a Lit component: the footer has to be present in
  the generated HTML for crawlers and for readers without JavaScript, and a
  shadow root would leave only an empty custom element in the static output.
-->
<footer class="site-footer">
  <nav class="site-footer-nav" aria-label="Elsewhere on the web">
    <ul>
      <li>
        <a
          href="https://www.linkedin.com/in/kyle-blank-rollins/"
          target="_blank"
          rel="noopener noreferrer"
          >LinkedIn</a
        >
      </li>
      <li>
        <a
          href="https://github.com/KyleBlankRollins/Web-Portfolio"
          target="_blank"
          rel="noopener noreferrer"
          >GitHub</a
        >
      </li>
    </ul>
  </nav>
</footer>
      <script type="module" crossorigin src="/assets/index-HASH.js"></script>
    <script type="module" crossorigin src="/assets/lit-HASH.js"></script>
</body>
</html>
