<!doctype html>
<html lang="en">
  <head>
    <meta charset="UTF-8" />
    <meta name="viewport" content="width=device-width, initial-scale=1.0" />

    <!-- Theme bootstrap - see the matching comment in base.html. Blocking on
         purpose so [data-theme] and [data-color-scheme] exist before first
         paint. Mirrors loadSavedTheme() in theme-switcher.ts; keep in sync. -->
    <script>
      (function () {
        var d = document.documentElement;
        try {
          d.setAttribute(
            "data-theme",
            localStorage.getItem("kbr-theme") || "base"
          );
          d.setAttribute(
            "data-color-scheme",
            localStorage.getItem("kbr-color-scheme") ||
              (window.matchMedia("(prefers-color-scheme: dark)").matches
                ? "dark"
                : "light")
          );
        } catch (e) {
          d.setAttribute("data-theme", "base");
          d.setAttribute("data-color-scheme", "light");
        }
      })();
    </script>

    <link rel="icon" type="image/svg+xml" href="/favicon.svg" />
    <title>What Typography on KBR Looks Like</title>
    
    <meta name="description" content="A comprehensive test of all typography styles, font weights, and text formatting used across the KBR website" />
      
      <link rel="stylesheet" crossorigin href="/assets/index-HASH.css">
</head>

  <body>
    <kbr-navigation>
      <!-- Slotted into .header-content so the switcher sits at the far right
           of the site header. It used to be a fixed-position floating control,
           which overlapped page content at every viewport width. See DF-31. -->
      <kbr-theme-switcher slot="theme-switcher"></kbr-theme-switcher>
    </kbr-navigation>

    <main class="blog-post-layout">
      <aside class="blog-toc-sidebar">
        <div class="blog-toc-sticky-container">
          
          <kbr-table-of-contents></kbr-table-of-contents>
           
      <div class="blog-post-tags">
        <span class="tags-label">Tags:</span>
        <div class="tag-list">
          <button class="blog-tag" data-tag="design">design</button><button class="blog-tag" data-tag="typography">typography</button><button class="blog-tag" data-tag="testing">testing</button>
        </div>
      </div>
     
        </div>
      </aside>

      <article class="blog-post-content glass-surface">
        <h1 id="what-typography-on-kbr-looks-like">What Typography on KBR Looks Like</h1>

        <div class="blog-post-metadata">
          <div>
            <time datetime="2025-09-24">September 24, 2025</time>
          </div>
        </div>
      <p><kbr-admonition type="note">This is a test post that was generated by Claude. However, I found it a useful reference while developing the site and will keep it around.</kbr-admonition></p>
<p>This is a comprehensive typography test post to showcase all the different font styles, weights, and text formatting options available on the KBR website. This post demonstrates the <strong>Valkyrie B</strong> serif font family for body text and headings, along with <strong>IBM Plex Mono</strong> for code snippets.</p>
<h2 id="heading-level-2-font-weights-and-styles">Heading Level 2: Font Weights and Styles</h2><p>This paragraph demonstrates <strong>regular body text</strong> using Valkyrie B at font-weight 400. This serif font provides excellent readability and gives the site a more distinctive, editorial feel compared to typical sans-serif web fonts. It should be <em>highly readable</em> and comfortable for extended reading sessions.</p>
<p>Here&#39;s some text with <strong>bold formatting</strong> (font-weight 700) and <em>italic formatting</em> (font-style italic) mixed within a paragraph. You can also combine them for <strong><em>bold italic text</em></strong> to see how that renders with the Valkyrie serif family.</p>
<h3 id="heading-level-3-code-and-monospace-text">Heading Level 3: Code and Monospace Text</h3><p>When discussing technical topics, we often need to reference <code>inline code</code> snippets that use IBM Plex Mono. Here&#39;s how that looks within a paragraph.</p>
<p>For larger code blocks, we use:</p>
<pre class="language-javascript"><code class="language-javascript"><span class="token comment">// This is a code block using IBM Plex Mono</span>
<span class="token keyword">function</span> <span class="token function">demonstrateTypography</span><span class="token punctuation">(</span><span class="token punctuation">)</span> <span class="token punctuation">{</span>
  <span class="token keyword">const</span> fontFamily <span class="token operator">=</span> <span class="token string">"IBM Plex Mono"</span><span class="token punctuation">;</span>
  <span class="token keyword">const</span> weight <span class="token operator">=</span> <span class="token string">"400"</span><span class="token punctuation">;</span> <span class="token comment">// Regular weight</span>

  console<span class="token punctuation">.</span><span class="token function">log</span><span class="token punctuation">(</span><span class="token template-string"><span class="token template-punctuation string">`</span><span class="token string">Code blocks use </span><span class="token interpolation"><span class="token interpolation-punctuation punctuation">${</span>fontFamily<span class="token interpolation-punctuation punctuation">}</span></span><span class="token string"> at weight </span><span class="token interpolation"><span class="token interpolation-punctuation punctuation">${</span>weight<span class="token interpolation-punctuation punctuation">}</span></span><span class="token template-punctuation string">`</span></span><span class="token punctuation">)</span><span class="token punctuation">;</span>
  <span class="token keyword">return</span> <span class="token string">"Perfect for displaying code!"</span><span class="token punctuation">;</span>
<span class="token punctuation">}</span></code></pre><h4 id="heading-level-4-lists-and-structure">Heading Level 4: Lists and Structure</h4><p>Typography isn&#39;t just about individual letters—it&#39;s about how text flows and creates hierarchy. Here are some examples:</p>
<p><strong>Unordered Lists:</strong></p>
<ul>
<li>This is a regular list item</li>
<li><em>This list item has italic emphasis</em></li>
<li><strong>This list item is bold</strong></li>
<li>This item has <code>inline code</code> within it</li>
</ul>
<p><strong>Ordered Lists:</strong></p>
<ol>
<li>First item demonstrates regular weight</li>
<li>Second item shows <strong>bold emphasis</strong></li>
<li>Third item includes <em>italic text</em></li>
<li>Fourth item has a <code>code snippet</code> embedded</li>
</ol>
<h5 id="heading-level-5-different-font-weights">Heading Level 5: Different Font Weights</h5><p>Let&#39;s test the various font weights available in Valkyrie B:</p>
<p><strong>Font Weight 400 (Regular):</strong> This is the standard body text weight for Valkyrie B.</p>
<p><strong>Font Weight 700 (Bold):</strong> This text is bold and should have significant visual weight in the serif style.</p>
<p>Note that headings use <strong>Valkyrie B Caps</strong>, a small-caps variant of the Valkyrie family that provides distinctive heading styling.</p>
<h6 id="heading-level-6-special-typography-elements">Heading Level 6: Special Typography Elements</h6><p>Here are some additional typography elements:</p>
<blockquote>
<p>This is a blockquote. It might be styled differently from regular paragraph text and could use different spacing or font styling to set it apart from the main content.</p>
</blockquote>
<p>Here&#39;s a paragraph with a <a href="#">link to test link styling</a> embedded within the text. Links should have distinct visual treatment.</p>
<hr>
<h2 id="code-blocks-and-preformatted-text">Code Blocks and Preformatted Text</h2><p>Here&#39;s a larger code example to test monospace typography:</p>
<pre class="language-css"><code class="language-css"><span class="token comment">/* CSS using the current typography system */</span>
<span class="token selector">.typography-test</span> <span class="token punctuation">{</span>
  <span class="token property">font-family</span><span class="token punctuation">:</span>
    <span class="token string">"valkyrie_b"</span><span class="token punctuation">,</span>
    -apple-system<span class="token punctuation">,</span>
    BlinkMacSystemFont<span class="token punctuation">,</span>
    <span class="token string">"Segoe UI"</span><span class="token punctuation">,</span>
    sans-serif<span class="token punctuation">;</span>
  <span class="token property">font-weight</span><span class="token punctuation">:</span> 400<span class="token punctuation">;</span>
  <span class="token property">line-height</span><span class="token punctuation">:</span> 1.6<span class="token punctuation">;</span>
  <span class="token property">color</span><span class="token punctuation">:</span> <span class="token function">var</span><span class="token punctuation">(</span>--color-text<span class="token punctuation">)</span><span class="token punctuation">;</span>
<span class="token punctuation">}</span>

<span class="token selector">.heading-example</span> <span class="token punctuation">{</span>
  <span class="token property">font-family</span><span class="token punctuation">:</span> <span class="token string">"valkyrie_b_caps"</span><span class="token punctuation">,</span> <span class="token string">"IBM Plex Sans"</span><span class="token punctuation">,</span> serif<span class="token punctuation">;</span>
  <span class="token property">font-weight</span><span class="token punctuation">:</span> 400<span class="token punctuation">;</span> <span class="token comment">/* Valkyrie B Caps uses regular weight for headings */</span>
<span class="token punctuation">}</span>

<span class="token selector">.code-block</span> <span class="token punctuation">{</span>
  <span class="token property">font-family</span><span class="token punctuation">:</span> <span class="token string">"IBM Plex Mono"</span><span class="token punctuation">,</span> <span class="token string">"Cascadia Code"</span><span class="token punctuation">,</span> Monaco<span class="token punctuation">,</span> monospace<span class="token punctuation">;</span>
  <span class="token property">font-weight</span><span class="token punctuation">:</span> 400<span class="token punctuation">;</span>
  <span class="token property">background</span><span class="token punctuation">:</span> <span class="token function">var</span><span class="token punctuation">(</span>--color-background-secondary<span class="token punctuation">)</span><span class="token punctuation">;</span>
  <span class="token property">padding</span><span class="token punctuation">:</span> 1rem<span class="token punctuation">;</span>
  <span class="token property">border-radius</span><span class="token punctuation">:</span> 0.5rem<span class="token punctuation">;</span>
<span class="token punctuation">}</span></code></pre><h2 id="mixed-content-testing">Mixed Content Testing</h2><p>This section combines multiple typography elements to test how they work together:</p>
<h3 id="project-analysis-font-performance">Project Analysis: Font Performance</h3><p>When analyzing the <strong>performance impact</strong> of custom fonts, several key metrics emerge:</p>
<ol>
<li><strong>FOIT (Flash of Invisible Text):</strong> Using <code>font-display: auto</code> for Valkyrie fonts allows optimal loading behavior</li>
<li><strong>FOUT (Flash of Unstyled Text):</strong> Graceful fallback to system fonts during load</li>
<li><strong>CLS (Cumulative Layout Shift):</strong> Proper font metrics and fallback selection reduce layout shifting</li>
</ol>
<p><em>Key insight:</em> The <strong>Valkyrie B</strong> serif font family was chosen to give the site a distinctive editorial feel, while <strong>IBM Plex Mono</strong> provides excellent code readability. The system includes comprehensive fallbacks to system fonts.</p>
<h4 id="technical-implementation">Technical Implementation</h4><p>The implementation uses separate font files for each family and weight:</p>
<pre class="language-html"><code class="language-html"><span class="token comment">&lt;!-- Critical font preloading would include --></span>
<span class="token tag"><span class="token tag"><span class="token punctuation">&lt;</span>link</span>
  <span class="token attr-name">rel</span><span class="token attr-value"><span class="token punctuation attr-equals">=</span><span class="token punctuation">"</span>preload<span class="token punctuation">"</span></span>
  <span class="token attr-name">href</span><span class="token attr-value"><span class="token punctuation attr-equals">=</span><span class="token punctuation">"</span>/fonts/valkyrie_b_regular.woff2<span class="token punctuation">"</span></span>
  <span class="token attr-name">as</span><span class="token attr-value"><span class="token punctuation attr-equals">=</span><span class="token punctuation">"</span>font<span class="token punctuation">"</span></span>
  <span class="token attr-name">type</span><span class="token attr-value"><span class="token punctuation attr-equals">=</span><span class="token punctuation">"</span>font/woff2<span class="token punctuation">"</span></span>
  <span class="token attr-name">crossorigin</span>
<span class="token punctuation">/></span></span>
<span class="token tag"><span class="token tag"><span class="token punctuation">&lt;</span>link</span>
  <span class="token attr-name">rel</span><span class="token attr-value"><span class="token punctuation attr-equals">=</span><span class="token punctuation">"</span>preload<span class="token punctuation">"</span></span>
  <span class="token attr-name">href</span><span class="token attr-value"><span class="token punctuation attr-equals">=</span><span class="token punctuation">"</span>/fonts/valkyrie_b_caps_regular.woff2<span class="token punctuation">"</span></span>
  <span class="token attr-name">as</span><span class="token attr-value"><span class="token punctuation attr-equals">=</span><span class="token punctuation">"</span>font<span class="token punctuation">"</span></span>
  <span class="token attr-name">type</span><span class="token attr-value"><span class="token punctuation attr-equals">=</span><span class="token punctuation">"</span>font/woff2<span class="token punctuation">"</span></span>
  <span class="token attr-name">crossorigin</span>
<span class="token punctuation">/></span></span>
<span class="token tag"><span class="token tag"><span class="token punctuation">&lt;</span>link</span>
  <span class="token attr-name">rel</span><span class="token attr-value"><span class="token punctuation attr-equals">=</span><span class="token punctuation">"</span>preload<span class="token punctuation">"</span></span>
  <span class="token attr-name">href</span><span class="token attr-value"><span class="token punctuation attr-equals">=</span><span class="token punctuation">"</span>/fonts/IBMPlexMono-Regular.woff2<span class="token punctuation">"</span></span>
  <span class="token attr-name">as</span><span class="token attr-value"><span class="token punctuation attr-equals">=</span><span class="token punctuation">"</span>font<span class="token punctuation">"</span></span>
  <span class="token attr-name">type</span><span class="token attr-value"><span class="token punctuation attr-equals">=</span><span class="token punctuation">"</span>font/woff2<span class="token punctuation">"</span></span>
  <span class="token attr-name">crossorigin</span>
<span class="token punctuation">/></span></span></code></pre><p><strong>Benefits of this typography system:</strong></p>
<ul>
<li><strong>Distinctive serif character</strong> for body text</li>
<li><strong>Small-caps headings</strong> for editorial hierarchy</li>
<li><strong>Excellent code readability</strong> with IBM Plex Mono</li>
<li><strong>Comprehensive fallback system</strong> to system fonts</li>
<li><strong>Optimal file sizes</strong> with targeted font loading</li>
</ul>
<h2 id="table-typography-test">Table Typography Test</h2><table>
<thead>
<tr>
<th>Element</th>
<th>Font Family</th>
<th>Weight</th>
<th>Use Case</th>
</tr>
</thead>
<tbody><tr>
<td>Body Text</td>
<td>Valkyrie B</td>
<td>400</td>
<td>Primary content</td>
</tr>
<tr>
<td>Headings</td>
<td>Valkyrie B Caps</td>
<td>400</td>
<td>Section titles</td>
</tr>
<tr>
<td>Bold Text</td>
<td>Valkyrie B</td>
<td>700</td>
<td><strong>Important points</strong></td>
</tr>
<tr>
<td>Italics</td>
<td>Valkyrie B</td>
<td>400</td>
<td><em>References</em></td>
</tr>
<tr>
<td>Code</td>
<td>IBM Plex Mono</td>
<td>400</td>
<td>Technical content</td>
</tr>
</tbody></table>
<h2 id="final-typography-notes">Final Typography Notes</h2><p>This comprehensive test demonstrates:</p>
<ul>
<li>All six heading levels (H1-H6) using Valkyrie B Caps</li>
<li>Regular and bold font weights in Valkyrie B serif</li>
<li>Italic and regular font styles</li>
<li>Inline code using IBM Plex Mono</li>
<li>Code blocks with syntax highlighting</li>
<li>Lists (ordered and unordered)</li>
<li>Blockquotes and special formatting</li>
<li>Links and interactive elements</li>
<li>Mixed content scenarios</li>
</ul>
<p>The typography system creates a distinctive editorial feel with serif body text, small-caps headings, and excellent code readability. The Valkyrie B font family gives the site character while maintaining excellent readability across all content types.</p>
<h2 id="font-family-overview">Font Family Overview</h2><p><strong>Primary Typography:</strong></p>
<ul>
<li><strong>Body Text:</strong> Valkyrie B (serif) - Creates distinctive, editorial character</li>
<li><strong>Headings:</strong> Valkyrie B Caps (small-caps serif) - Elegant hierarchy</li>
<li><strong>Code:</strong> IBM Plex Mono - Superior technical readability</li>
</ul>
<p><strong>Fallback System:</strong></p>
<ul>
<li>Valkyrie B → system serif → system sans-serif</li>
<li>IBM Plex Mono → Cascadia Code → Monaco → system monospace</li>
</ul>
<hr>
<p><em>This test post was updated on September 26, 2025, to reflect the current Valkyrie B + IBM Plex Mono typography system on the KBR website.</em></p>

        <kbr-supplement-list></kbr-supplement-list>
        

        <kbr-anchor-copy></kbr-anchor-copy>
      </article>
    </main>

    <!-- Shared markup from templates/partials/footer.html, injected by
         template-processor.ts. Edit the partial, not this line. -->
    <!--
  Shared site footer.

  This is the single source of the footer markup. It is injected into both
  base.html and blog-post.html as the {{{footer}}} template variable, wired up
  in source/builder/template-processor.ts - which is the one choke point both
  the production build and the dev server render through. Do not paste this
  markup into a template; add the variable instead, or every page type grows
  its own copy.

  Light DOM on purpose, not a Lit component: the footer has to be present in
  the generated HTML for crawlers and for readers without JavaScript, and a
  shadow root would leave only an empty custom element in the static output.
-->
<footer class="site-footer">
  <nav class="site-footer-nav" aria-label="Elsewhere on the web">
    <ul>
      <li>
        <a
          href="https://www.linkedin.com/in/kyle-blank-rollins/"
          target="_blank"
          rel="noopener noreferrer"
          >LinkedIn</a
        >
      </li>
      <li>
        <a
          href="https://github.com/KyleBlankRollins/Web-Portfolio"
          target="_blank"
          rel="noopener noreferrer"
          >GitHub</a
        >
      </li>
    </ul>
  </nav>
</footer>
      <script type="module" crossorigin src="/assets/index-HASH.js"></script>
    <script type="module" crossorigin src="/assets/lit-HASH.js"></script>
</body>
</html>
